// Jest Snapshot v1, https://goo.gl/fbAQLP

exports[`AppConfigSchemaPropertiesTable correctly matches snapshot 1`] = `
<div>
  <div
    class="css-rufzkc-Table"
  >
    <table
      class="css-1gg2jm1-Table"
    >
      <thead
        class="css-3b8qij-TableHead"
      >
        <tr
          class="css-1cjtxd5-Row"
        >
          <th
            class="css-1p6k6di-HeaderCell"
          >
            Property
          </th>
          <th
            class="css-1p6k6di-HeaderCell"
          >
            Description
          </th>
        </tr>
      </thead>
      <tbody>
        <tr
          class="css-1cjtxd5-Row"
        >
          <td
            class="css-1uzovlc-Cell"
          >
            <div
              data-testid="<propertyAnchor level={0}><inlineCode>name</inlineCode></propertyAnchor>"
              style="margin-left: 0px; display: block; list-style-type: circle; overflow-x: visible;"
            >
              <div
                class=" css-goddgh-PDIV"
                data-text="true"
              >
                <div
                  class="css-cssveg"
                >
                  <span
                    class="css-9aqeco"
                    id="name"
                  />
                  <a
                    class="css-1t5v929"
                    href="#name"
                  >
                    <span
                      class="css-1wnvjz2"
                    >
                      <code
                        class="inline css-1msevpm-InlineCode"
                      >
                        name
                      </code>
                    </span>
                    <span
                      class="css-1byp57e"
                    >
                      <svg
                        aria-label="permalink"
                        class="anchor-icon"
                        fill="none"
                        height="24"
                        viewBox="0 0 24 24"
                        width="24"
                        xmlns="http://www.w3.org/2000/svg"
                      >
                        <path
                          d="M10 13a5 5 0 007.54.54l3-3a5 5 0 00-7.07-7.07l-1.72 1.71"
                          stroke="#9B9B9B"
                          stroke-linecap="round"
                          stroke-linejoin="round"
                          stroke-width="2"
                        />
                        <path
                          d="M14 11a5 5 0 00-7.54-.54l-3 3a5 5 0 007.07 7.07l1.71-1.71"
                          stroke="#9B9B9B"
                          stroke-linecap="round"
                          stroke-linejoin="round"
                          stroke-width="2"
                        />
                      </svg>
                    </span>
                  </a>
                </div>
              </div>
            </div>
          </td>
          <td
            class="css-t44xva-Cell"
          >
            <div
              class=" css-goddgh-PDIV"
              data-text="true"
            >
              <strong
                class="css-1g2v0mq-B"
              >
                (string)
              </strong>
               - Name of your app.
              <div
                class="css-1wra0b6-BareWorkflowCollapsible"
              >
                <details
                  class="css-1nmf69-Collapsible"
                >
                  <summary
                    class="css-k04g23-Collapsible"
                  >
                    <div
                      class="css-166ujkg-Collapsible"
                    >
                      <svg
                        class="css-1wgpnk4-Collapsible"
                        fill="none"
                        height="16"
                        role="img"
                        size="16"
                        viewBox="0 0 20 20"
                        width="16"
                      >
                        <title>
                          Triangle-down-icon
                        </title>
                        <path
                          d="M16.883 7.43H3.117L10 14.313l6.883-6.883z"
                          fill="var(--expo-theme-icon-default)"
                        />
                      </svg>
                    </div>
                    <span
                      class="css-x1nydd-TextComponent"
                    >
                      Bare Workflow
                    </span>
                  </summary>
                  <div
                    class="css-1gk6nru-Collapsible"
                  >
                    Edit the 'Display Name' field in Xcode
                  </div>
                </details>
              </div>
            </div>
          </td>
        </tr>
        <tr
          class="css-1cjtxd5-Row"
        >
          <td
            class="css-1uzovlc-Cell"
          >
            <div
              data-testid="<propertyAnchor level={0}><inlineCode>androidNavigationBar</inlineCode></propertyAnchor>"
              style="margin-left: 0px; display: block; list-style-type: circle; overflow-x: visible;"
            >
              <div
                class=" css-goddgh-PDIV"
                data-text="true"
              >
                <div
                  class="css-cssveg"
                >
                  <span
                    class="css-9aqeco"
                    id="androidnavigationbar"
                  />
                  <a
                    class="css-1t5v929"
                    href="#androidnavigationbar"
                  >
                    <span
                      class="css-1wnvjz2"
                    >
                      <code
                        class="inline css-1msevpm-InlineCode"
                      >
                        androidNavigationBar
                      </code>
                    </span>
                    <span
                      class="css-1byp57e"
                    >
                      <svg
                        aria-label="permalink"
                        class="anchor-icon"
                        fill="none"
                        height="24"
                        viewBox="0 0 24 24"
                        width="24"
                        xmlns="http://www.w3.org/2000/svg"
                      >
                        <path
                          d="M10 13a5 5 0 007.54.54l3-3a5 5 0 00-7.07-7.07l-1.72 1.71"
                          stroke="#9B9B9B"
                          stroke-linecap="round"
                          stroke-linejoin="round"
                          stroke-width="2"
                        />
                        <path
                          d="M14 11a5 5 0 00-7.54-.54l-3 3a5 5 0 007.07 7.07l1.71-1.71"
                          stroke="#9B9B9B"
                          stroke-linecap="round"
                          stroke-linejoin="round"
                          stroke-width="2"
                        />
                      </svg>
                    </span>
                  </a>
                </div>
              </div>
            </div>
          </td>
          <td
            class="css-t44xva-Cell"
          >
            <div
              class=" css-goddgh-PDIV"
              data-text="true"
            >
              <strong
                class="css-1g2v0mq-B"
              >
                (object)
              </strong>
               - Configuration for the bottom navigation bar on Android.
              <div
                class="css-1r2rajm-ExpoKitCollapsible"
              >
                <details
                  class="css-1nmf69-Collapsible"
                >
                  <summary
                    class="css-k04g23-Collapsible"
                  >
                    <div
                      class="css-166ujkg-Collapsible"
                    >
                      <svg
                        class="css-1wgpnk4-Collapsible"
                        fill="none"
                        height="16"
                        role="img"
                        size="16"
                        viewBox="0 0 20 20"
                        width="16"
                      >
                        <title>
                          Triangle-down-icon
                        </title>
                        <path
                          d="M16.883 7.43H3.117L10 14.313l6.883-6.883z"
                          fill="var(--expo-theme-icon-default)"
                        />
                      </svg>
                    </div>
                    <span
                      class="css-x1nydd-TextComponent"
                    >
                      ExpoKit
                    </span>
                  </summary>
                  <div
                    class="css-1gk6nru-Collapsible"
                  >
                    Set this property using AppConstants.java.
                  </div>
                </details>
              </div>
              <div
                class="css-1wra0b6-BareWorkflowCollapsible"
              >
                <details
                  class="css-1nmf69-Collapsible"
                >
                  <summary
                    class="css-k04g23-Collapsible"
                  >
                    <div
                      class="css-166ujkg-Collapsible"
                    >
                      <svg
                        class="css-1wgpnk4-Collapsible"
                        fill="none"
                        height="16"
                        role="img"
                        size="16"
                        viewBox="0 0 20 20"
                        width="16"
                      >
                        <title>
                          Triangle-down-icon
                        </title>
                        <path
                          d="M16.883 7.43H3.117L10 14.313l6.883-6.883z"
                          fill="var(--expo-theme-icon-default)"
                        />
                      </svg>
                    </div>
                    <span
                      class="css-x1nydd-TextComponent"
                    >
                      Bare Workflow
                    </span>
                  </summary>
                  <div
                    class="css-1gk6nru-Collapsible"
                  >
                    Set this property using just Xcode
                  </div>
                </details>
              </div>
            </div>
          </td>
        </tr>
        <tr
          class="css-1cjtxd5-Row"
        >
          <td
            class="css-1uzovlc-Cell"
          >
            <div
              data-testid="<subpropertyAnchor level={1}><inlineCode>visible</inlineCode></subpropertyAnchor>"
              style="margin-left: 32px; display: list-item; list-style-type: default; overflow-x: visible;"
            >
              <div
                class=" css-goddgh-PDIV"
                data-text="true"
              >
                <div
                  class="css-cssveg"
                >
                  <span
                    class="css-9aqeco"
                    id="visible"
                  />
                  <a
                    class="css-1t5v929"
                    href="#visible"
                  >
                    <span
                      class="css-1wnvjz2"
                    >
                      <code
                        class="inline css-1msevpm-InlineCode"
                      >
                        visible
                      </code>
                    </span>
                    <span
                      class="css-1byp57e"
                    >
                      <svg
                        aria-label="permalink"
                        class="anchor-icon"
                        fill="none"
                        height="24"
                        viewBox="0 0 24 24"
                        width="24"
                        xmlns="http://www.w3.org/2000/svg"
                      >
                        <path
                          d="M10 13a5 5 0 007.54.54l3-3a5 5 0 00-7.07-7.07l-1.72 1.71"
                          stroke="#9B9B9B"
                          stroke-linecap="round"
                          stroke-linejoin="round"
                          stroke-width="2"
                        />
                        <path
                          d="M14 11a5 5 0 00-7.54-.54l-3 3a5 5 0 007.07 7.07l1.71-1.71"
                          stroke="#9B9B9B"
                          stroke-linecap="round"
                          stroke-linejoin="round"
                          stroke-width="2"
                        />
                      </svg>
                    </span>
                  </a>
                </div>
              </div>
            </div>
          </td>
          <td
            class="css-t44xva-Cell"
          >
            <div
              class=" css-goddgh-PDIV"
              data-text="true"
            >
              <strong
                class="css-1g2v0mq-B"
              >
                (enum)
              </strong>
               - Determines how and when the navigation bar is shown.
              <div
                class="css-1r2rajm-ExpoKitCollapsible"
              >
                <details
                  class="css-1nmf69-Collapsible"
                >
                  <summary
                    class="css-k04g23-Collapsible"
                  >
                    <div
                      class="css-166ujkg-Collapsible"
                    >
                      <svg
                        class="css-1wgpnk4-Collapsible"
                        fill="none"
                        height="16"
                        role="img"
                        size="16"
                        viewBox="0 0 20 20"
                        width="16"
                      >
                        <title>
                          Triangle-down-icon
                        </title>
                        <path
                          d="M16.883 7.43H3.117L10 14.313l6.883-6.883z"
                          fill="var(--expo-theme-icon-default)"
                        />
                      </svg>
                    </div>
                    <span
                      class="css-x1nydd-TextComponent"
                    >
                      ExpoKit
                    </span>
                  </summary>
                  <div
                    class="css-1gk6nru-Collapsible"
                  >
                    Set this property using Xcode.
                  </div>
                </details>
              </div>
            </div>
          </td>
        </tr>
        <tr
          class="css-1cjtxd5-Row"
        >
          <td
            class="css-1uzovlc-Cell"
          >
            <div
              data-testid="<subpropertyAnchor level={2}><inlineCode>always</inlineCode></subpropertyAnchor>"
              style="margin-left: 64px; display: list-item; list-style-type: circle; overflow-x: visible;"
            >
              <div
                class=" css-goddgh-PDIV"
                data-text="true"
              >
                <div
                  class="css-cssveg"
                >
                  <span
                    class="css-9aqeco"
                    id="always"
                  />
                  <a
                    class="css-1t5v929"
                    href="#always"
                  >
                    <span
                      class="css-1wnvjz2"
                    >
                      <code
                        class="inline css-1msevpm-InlineCode"
                      >
                        always
                      </code>
                    </span>
                    <span
                      class="css-1byp57e"
                    >
                      <svg
                        aria-label="permalink"
                        class="anchor-icon"
                        fill="none"
                        height="24"
                        viewBox="0 0 24 24"
                        width="24"
                        xmlns="http://www.w3.org/2000/svg"
                      >
                        <path
                          d="M10 13a5 5 0 007.54.54l3-3a5 5 0 00-7.07-7.07l-1.72 1.71"
                          stroke="#9B9B9B"
                          stroke-linecap="round"
                          stroke-linejoin="round"
                          stroke-width="2"
                        />
                        <path
                          d="M14 11a5 5 0 00-7.54-.54l-3 3a5 5 0 007.07 7.07l1.71-1.71"
                          stroke="#9B9B9B"
                          stroke-linecap="round"
                          stroke-linejoin="round"
                          stroke-width="2"
                        />
                      </svg>
                    </span>
                  </a>
                </div>
              </div>
            </div>
          </td>
          <td
            class="css-t44xva-Cell"
          >
            <div
              class=" css-goddgh-PDIV"
              data-text="true"
            >
              <strong
                class="css-1g2v0mq-B"
              >
                (boolean)
              </strong>
               - Test sub-sub-property
            </div>
          </td>
        </tr>
        <tr
          class="css-1cjtxd5-Row"
        >
          <td
            class="css-1uzovlc-Cell"
          >
            <div
              data-testid="<subpropertyAnchor level={1}><inlineCode>backgroundColor</inlineCode></subpropertyAnchor>"
              style="margin-left: 32px; display: list-item; list-style-type: default; overflow-x: visible;"
            >
              <div
                class=" css-goddgh-PDIV"
                data-text="true"
              >
                <div
                  class="css-cssveg"
                >
                  <span
                    class="css-9aqeco"
                    id="backgroundcolor"
                  />
                  <a
                    class="css-1t5v929"
                    href="#backgroundcolor"
                  >
                    <span
                      class="css-1wnvjz2"
                    >
                      <code
                        class="inline css-1msevpm-InlineCode"
                      >
                        backgroundColor
                      </code>
                    </span>
                    <span
                      class="css-1byp57e"
                    >
                      <svg
                        aria-label="permalink"
                        class="anchor-icon"
                        fill="none"
                        height="24"
                        viewBox="0 0 24 24"
                        width="24"
                        xmlns="http://www.w3.org/2000/svg"
                      >
                        <path
                          d="M10 13a5 5 0 007.54.54l3-3a5 5 0 00-7.07-7.07l-1.72 1.71"
                          stroke="#9B9B9B"
                          stroke-linecap="round"
                          stroke-linejoin="round"
                          stroke-width="2"
                        />
                        <path
                          d="M14 11a5 5 0 00-7.54-.54l-3 3a5 5 0 007.07 7.07l1.71-1.71"
                          stroke="#9B9B9B"
                          stroke-linecap="round"
                          stroke-linejoin="round"
                          stroke-width="2"
                        />
                      </svg>
                    </span>
                  </a>
                </div>
              </div>
            </div>
          </td>
          <td
            class="css-t44xva-Cell"
          >
            <div
              class=" css-goddgh-PDIV"
              data-text="true"
            >
              <strong
                class="css-1g2v0mq-B"
              >
                (string)
              </strong>
               - Specifies the background color of the navigation bar. 
            </div>
            <div
              class=" css-goddgh-PDIV"
              data-text="true"
            >
              6 character long hex color string, eg: 
              <code
                class="inline css-1msevpm-InlineCode"
              >
                '#000000'
              </code>
            </div>
          </td>
        </tr>
        <tr
          class="css-1cjtxd5-Row"
        >
          <td
            class="css-1uzovlc-Cell"
          >
            <div
              data-testid="<propertyAnchor level={0}><inlineCode>intentFilters</inlineCode></propertyAnchor>"
              style="margin-left: 0px; display: block; list-style-type: circle; overflow-x: visible;"
            >
              <div
                class=" css-goddgh-PDIV"
                data-text="true"
              >
                <div
                  class="css-cssveg"
                >
                  <span
                    class="css-9aqeco"
                    id="intentfilters"
                  />
                  <a
                    class="css-1t5v929"
                    href="#intentfilters"
                  >
                    <span
                      class="css-1wnvjz2"
                    >
                      <code
                        class="inline css-1msevpm-InlineCode"
                      >
                        intentFilters
                      </code>
                    </span>
                    <span
                      class="css-1byp57e"
                    >
                      <svg
                        aria-label="permalink"
                        class="anchor-icon"
                        fill="none"
                        height="24"
                        viewBox="0 0 24 24"
                        width="24"
                        xmlns="http://www.w3.org/2000/svg"
                      >
                        <path
                          d="M10 13a5 5 0 007.54.54l3-3a5 5 0 00-7.07-7.07l-1.72 1.71"
                          stroke="#9B9B9B"
                          stroke-linecap="round"
                          stroke-linejoin="round"
                          stroke-width="2"
                        />
                        <path
                          d="M14 11a5 5 0 00-7.54-.54l-3 3a5 5 0 007.07 7.07l1.71-1.71"
                          stroke="#9B9B9B"
                          stroke-linecap="round"
                          stroke-linejoin="round"
                          stroke-width="2"
                        />
                      </svg>
                    </span>
                  </a>
                </div>
              </div>
            </div>
          </td>
          <td
            class="css-t44xva-Cell"
          >
            <div
              class=" css-goddgh-PDIV"
              data-text="true"
            >
              <strong
                class="css-1g2v0mq-B"
              >
                (array)
              </strong>
               - Configuration for setting an array of custom intent filters in Android manifest.
              <div
                class="css-1wra0b6-BareWorkflowCollapsible"
              >
                <details
                  class="css-1nmf69-Collapsible"
                >
                  <summary
                    class="css-k04g23-Collapsible"
                  >
                    <div
                      class="css-166ujkg-Collapsible"
                    >
                      <svg
                        class="css-1wgpnk4-Collapsible"
                        fill="none"
                        height="16"
                        role="img"
                        size="16"
                        viewBox="0 0 20 20"
                        width="16"
                      >
                        <title>
                          Triangle-down-icon
                        </title>
                        <path
                          d="M16.883 7.43H3.117L10 14.313l6.883-6.883z"
                          fill="var(--expo-theme-icon-default)"
                        />
                      </svg>
                    </div>
                    <span
                      class="css-x1nydd-TextComponent"
                    >
                      Bare Workflow
                    </span>
                  </summary>
                  <div
                    class="css-1gk6nru-Collapsible"
                  >
                    This is set in AndroidManifest.xml directly.
                  </div>
                </details>
              </div>
            </div>
            <blockquote
              class="css-snvjit-Quote"
              data-text="true"
            >
              <div>
                <div
                  style="margin-top: 2px;"
                >
                  <svg
                    fill="none"
                    height="16"
                    role="img"
                    size="16"
                    viewBox="0 0 20 20"
                    width="16"
                  >
                    <title>
                      Info-icon
                    </title>
                    <g
                      clip-path="url(#info-icon_svg__info-icon_svg__clip0)"
                    >
                      <path
                        d="M10 1a9 9 0 100 18 9 9 0 000-18zm-.01 4.064a.962.962 0 01.73-.33c.229 0 .43.082.582.238.152.155.23.354.23.59 0 .295-.104.558-.308.78-.209.23-.453.347-.726.347a.777.777 0 01-.576-.244.844.844 0 01-.227-.607c0-.3.099-.561.295-.774zm1.499 8.48c-.746.7-1.279 1.138-1.628 1.337-.372.213-.679.317-.937.317a.814.814 0 01-.622-.254c-.152-.162-.23-.382-.23-.652 0-.69.392-2.293 1.197-4.9.013-.044.024-.086.031-.125a.814.814 0 00-.105.056c-.066.042-.267.2-.854.773a.25.25 0 01-.329.02l-.347-.27a.25.25 0 01-.033-.367c.542-.596 1.047-1.029 1.502-1.286.477-.269.88-.4 1.232-.4.227 0 .411.057.547.17a.621.621 0 01.225.492c0 .132-.063.474-.522 2.015-.657 2.203-.814 3.003-.825 3.28.125-.074.419-.283 1.046-.873a.25.25 0 01.347.003l.308.3a.25.25 0 01-.003.363z"
                        fill="var(--expo-theme-icon-default)"
                      />
                    </g>
                    <defs>
                      <clippath
                        id="info-icon_svg__info-icon_svg__clip0"
                      >
                        <path
                          d="M0 0h20v20H0z"
                          fill="#fff"
                        />
                      </clippath>
                    </defs>
                  </svg>
                </div>
              </div>
              <div>
                <div
                  class=" css-goddgh-PDIV"
                  data-text="true"
                >
                   
                  [{
"autoVerify": true,
"data": {"host": "*.example.com"
}
}]
                </div>
              </div>
            </blockquote>
          </td>
        </tr>
        <tr
          class="css-1cjtxd5-Row"
        >
          <td
            class="css-1uzovlc-Cell"
          >
            <div
              data-testid="<subpropertyAnchor level={1}><inlineCode>autoVerify</inlineCode></subpropertyAnchor>"
              style="margin-left: 32px; display: list-item; list-style-type: default; overflow-x: visible;"
            >
              <div
                class=" css-goddgh-PDIV"
                data-text="true"
              >
                <div
                  class="css-cssveg"
                >
                  <span
                    class="css-9aqeco"
                    id="autoverify"
                  />
                  <a
                    class="css-1t5v929"
                    href="#autoverify"
                  >
                    <span
                      class="css-1wnvjz2"
                    >
                      <code
                        class="inline css-1msevpm-InlineCode"
                      >
                        autoVerify
                      </code>
                    </span>
                    <span
                      class="css-1byp57e"
                    >
                      <svg
                        aria-label="permalink"
                        class="anchor-icon"
                        fill="none"
                        height="24"
                        viewBox="0 0 24 24"
                        width="24"
                        xmlns="http://www.w3.org/2000/svg"
                      >
                        <path
                          d="M10 13a5 5 0 007.54.54l3-3a5 5 0 00-7.07-7.07l-1.72 1.71"
                          stroke="#9B9B9B"
                          stroke-linecap="round"
                          stroke-linejoin="round"
                          stroke-width="2"
                        />
                        <path
                          d="M14 11a5 5 0 00-7.54-.54l-3 3a5 5 0 007.07 7.07l1.71-1.71"
                          stroke="#9B9B9B"
                          stroke-linecap="round"
                          stroke-linejoin="round"
                          stroke-width="2"
                        />
                      </svg>
                    </span>
                  </a>
                </div>
              </div>
            </div>
          </td>
          <td
            class="css-t44xva-Cell"
          >
            <div
              class=" css-goddgh-PDIV"
              data-text="true"
            >
              <strong
                class="css-1g2v0mq-B"
              >
                (boolean)
              </strong>
               - You may also use an intent filter to set your app as the default handler for links
            </div>
          </td>
        </tr>
        <tr
          class="css-1cjtxd5-Row"
        >
          <td
            class="css-1uzovlc-Cell"
          >
            <div
              data-testid="<subpropertyAnchor level={1}><inlineCode>data</inlineCode></subpropertyAnchor>"
              style="margin-left: 32px; display: list-item; list-style-type: default; overflow-x: visible;"
            >
              <div
                class=" css-goddgh-PDIV"
                data-text="true"
              >
                <div
                  class="css-cssveg"
                >
                  <span
                    class="css-9aqeco"
                    id="data"
                  />
                  <a
                    class="css-1t5v929"
                    href="#data"
                  >
                    <span
                      class="css-1wnvjz2"
                    >
                      <code
                        class="inline css-1msevpm-InlineCode"
                      >
                        data
                      </code>
                    </span>
                    <span
                      class="css-1byp57e"
                    >
                      <svg
                        aria-label="permalink"
                        class="anchor-icon"
                        fill="none"
                        height="24"
                        viewBox="0 0 24 24"
                        width="24"
                        xmlns="http://www.w3.org/2000/svg"
                      >
                        <path
                          d="M10 13a5 5 0 007.54.54l3-3a5 5 0 00-7.07-7.07l-1.72 1.71"
                          stroke="#9B9B9B"
                          stroke-linecap="round"
                          stroke-linejoin="round"
                          stroke-width="2"
                        />
                        <path
                          d="M14 11a5 5 0 00-7.54-.54l-3 3a5 5 0 007.07 7.07l1.71-1.71"
                          stroke="#9B9B9B"
                          stroke-linecap="round"
                          stroke-linejoin="round"
                          stroke-width="2"
                        />
                      </svg>
                    </span>
                  </a>
                </div>
              </div>
            </div>
          </td>
          <td
            class="css-t44xva-Cell"
          >
            <div
              class=" css-goddgh-PDIV"
              data-text="true"
            >
              <strong
                class="css-1g2v0mq-B"
              >
                (array || object)
              </strong>
            </div>
          </td>
        </tr>
        <tr
          class="css-1cjtxd5-Row"
        >
          <td
            class="css-1uzovlc-Cell"
          >
            <div
              data-testid="<subpropertyAnchor level={2}><inlineCode>host</inlineCode></subpropertyAnchor>"
              style="margin-left: 64px; display: list-item; list-style-type: circle; overflow-x: visible;"
            >
              <div
                class=" css-goddgh-PDIV"
                data-text="true"
              >
                <div
                  class="css-cssveg"
                >
                  <span
                    class="css-9aqeco"
                    id="host"
                  />
                  <a
                    class="css-1t5v929"
                    href="#host"
                  >
                    <span
                      class="css-1wnvjz2"
                    >
                      <code
                        class="inline css-1msevpm-InlineCode"
                      >
                        host
                      </code>
                    </span>
                    <span
                      class="css-1byp57e"
                    >
                      <svg
                        aria-label="permalink"
                        class="anchor-icon"
                        fill="none"
                        height="24"
                        viewBox="0 0 24 24"
                        width="24"
                        xmlns="http://www.w3.org/2000/svg"
                      >
                        <path
                          d="M10 13a5 5 0 007.54.54l3-3a5 5 0 00-7.07-7.07l-1.72 1.71"
                          stroke="#9B9B9B"
                          stroke-linecap="round"
                          stroke-linejoin="round"
                          stroke-width="2"
                        />
                        <path
                          d="M14 11a5 5 0 00-7.54-.54l-3 3a5 5 0 007.07 7.07l1.71-1.71"
                          stroke="#9B9B9B"
                          stroke-linecap="round"
                          stroke-linejoin="round"
                          stroke-width="2"
                        />
                      </svg>
                    </span>
                  </a>
                </div>
              </div>
            </div>
          </td>
          <td
            class="css-t44xva-Cell"
          >
            <div
              class=" css-goddgh-PDIV"
              data-text="true"
            >
              <strong
                class="css-1g2v0mq-B"
              >
                (string)
              </strong>
            </div>
          </td>
        </tr>
      </tbody>
    </table>
  </div>
</div>
`;
